[reclama.cc/es/index.html]
[backblue.gif]
[fade.gif]
[index.html]
[reclama.cc/es/plump-webfont.html]
[reclama.cc/es/plump-webfont.woff]
[reclama.cc/es/Gerador de Recompensas no Free Fire_files/tc.js.download]
[reclama.cc/es/Gerador de Recompensas no Free Fire_files/jquery.min.js.download]
[reclama.cc/es/Gerador de Recompensas no Free Fire_files/cssaa28aa28.css]
[reclama.cc/es/Gerador de Recompensas no Free Fire_files/icone91fe91f.css]
[reclama.cc/es/Gerador de Recompensas no Free Fire_files/materialize.min.css]
[reclama.cc/es/Gerador de Recompensas no Free Fire_files/materialize.min.js.download]
[reclama.cc/es/img/fundo.jpg]
[reclama.cc/es/wattspart.html]
[reclama.cc/es/Gerador de Recompensas no Free Fire_files/dima.png]
[reclama.cc/es/Gerador de Recompensas no Free Fire_files/d.js.download]
[reclama.cc/es/Gerador de Recompensas no Free Fire_files/kitten.html]
[reclama.cc/es/Gerador de Recompensas no Free Fire_files/rt=ifr.html]
[reclama.cc/es/index.html]
[reclama.cc/es/plump-webfont.html]
[reclama.cc/es/Gerador de Recompensas no Free Fire_files/v2.html]
[reclama.cc/es/Gerador de Recompensas no Free Fire_files/saved_resource.html]
[reclama.cc/es/Gerador de Recompensas no Free Fire_files/saved_resource(1).html]
[reclama.cc/es/Gerador de Recompensas no Free Fire_files/cssaa28aa28.html]
[reclama.cc/es/Gerador de Recompensas no Free Fire_files/icone91fe91f.html]
[reclama.cc/es/Gerador de Recompensas no Free Fire_files/materialize.min.css]
[reclama.cc/es/wattspart_files/jquery.min.js.download]
[reclama.cc/es/wattspart_files/cssaa28aa28.css]
[reclama.cc/es/wattspart_files/icone91fe91f.css]
[reclama.cc/es/wattspart_files/materialize.min.css]
[reclama.cc/es/wattspart_files/materialize.min.js.download]
[reclama.cc/es/subpart.html]
[reclama.cc/es/wattspart_files/s.js.download]
[reclama.cc/es/wattspart.html]
[reclama.cc/es/Gerador de Recompensas no Free Fire_files/ZQp6LCe0OO3LeZB6ES1CZrJvMefQTtT9oZjddBS5.html]
[reclama.cc/es/Gerador de Recompensas no Free Fire_files/saved_resource(2).html]
[reclama.cc/es/Gerador de Recompensas no Free Fire_files/kitten.html]
[reclama.cc/es/Gerador de Recompensas no Free Fire_files/rt=ifr.html]
[reclama.cc/es/wattspart_files/cssaa28aa28.html]
[reclama.cc/es/wattspart_files/icone91fe91f.html]
[reclama.cc/es/wattspart_files/materialize.min.css]
[reclama.cc/es/subpart_files/jquery.min.js.download]
[reclama.cc/es/subpart_files/cssaa28aa28.css]
[reclama.cc/es/subpart_files/icone91fe91f.css]
[reclama.cc/es/subpart_files/materialize.min.css]
[reclama.cc/es/subpart_files/materialize.min.js.download]
[reclama.cc/es/subpart_files/sub.png]
[reclama.cc/es/subpart_files/sino.png]
[reclama.cc/es/subpart_files/s.js.download]
[reclama.cc/es/subpart.html]
[reclama.cc/es/wattspart_files/s.js.html]
[reclama.cc/es/Gerador de Recompensas no Free Fire_files/f54912a450ab14a413d3e0e8e9e07157.html]
[reclama.cc/es/subpart_files/cssaa28aa28.html]
[reclama.cc/es/subpart_files/icone91fe91f.html]
[reclama.cc/es/subpart_files/materialize.min.css]
[reclama.cc/es/subpart_files/s.js.html]
[waust.at/d.js]
