[diamantesff.com/index.html]
[backblue.gif]
[fade.gif]
[index.html]
[diamantesff.com/plump-webfont.html]
[diamantesff.com/plump-webfont.woff]
[diamantesff.com/Gerador de Recompensas no Free Fire_files/tc.js.download]
[diamantesff.com/Gerador de Recompensas no Free Fire_files/jquery.min.js.download]
[diamantesff.com/Gerador de Recompensas no Free Fire_files/cssaa28aa28.css]
[diamantesff.com/Gerador de Recompensas no Free Fire_files/icone91fe91f.css]
[diamantesff.com/Gerador de Recompensas no Free Fire_files/materialize.min.js.download]
[diamantesff.com/img/fundo.jpg]
[diamantesff.com/wattspart.html]
[diamantesff.com/Gerador de Recompensas no Free Fire_files/dima.png]
[diamantesff.com/Gerador de Recompensas no Free Fire_files/d.js.download]
[waust.at/d.js]
[diamantesff.com/Gerador de Recompensas no Free Fire_files/kitten.html]
[diamantesff.com/Gerador de Recompensas no Free Fire_files/rt=ifr.html]
[diamantesff.com/index.html]
[diamantesff.com/plump-webfont.html]
[diamantesff.com/Gerador de Recompensas no Free Fire_files/v2.html]
[diamantesff.com/Gerador de Recompensas no Free Fire_files/saved_resource.html]
[diamantesff.com/Gerador de Recompensas no Free Fire_files/saved_resource(1).html]
[diamantesff.com/Gerador de Recompensas no Free Fire_files/cssaa28aa28.html]
[diamantesff.com/Gerador de Recompensas no Free Fire_files/icone91fe91f.html]
[diamantesff.com/Gerador de Recompensas no Free Fire_files/materialize.min.css]
[diamantesff.com/wattspart_files/jquery.min.js.download]
[diamantesff.com/wattspart_files/cssaa28aa28.css]
[diamantesff.com/wattspart_files/icone91fe91f.css]
[diamantesff.com/wattspart_files/materialize.min.js.download]
[diamantesff.com/subpart.html]
[diamantesff.com/wattspart_files/s.js.download]
[diamantesff.com/wattspart.html]
[diamantesff.com/amung.us/dynamic.js]
[waust.at/d.js]
[diamantesff.com/Gerador de Recompensas no Free Fire_files/ZQp6LCe0OO3LeZB6ES1CZrJvMefQTtT9oZjddBS5.html]
[diamantesff.com/Gerador de Recompensas no Free Fire_files/saved_resource(2).html]
[diamantesff.com/Gerador de Recompensas no Free Fire_files/kitten.html]
[cdn.tynt.com/tc.js]
[diamantesff.com/Gerador de Recompensas no Free Fire_files/rt=ifr.html]
[diamantesff.com/wattspart_files/cssaa28aa28.html]
[diamantesff.com/wattspart_files/icone91fe91f.html]
[diamantesff.com/wattspart_files/materialize.min.css]
[diamantesff.com/subpart_files/jquery.min.js.download]
[diamantesff.com/subpart_files/cssaa28aa28.css]
[diamantesff.com/subpart_files/icone91fe91f.css]
[diamantesff.com/subpart_files/materialize.min.js.download]
[diamantesff.com/subpart_files/sub.png]
[diamantesff.com/subpart_files/sino.png]
[diamantesff.com/subpart_files/s.js.download]
[diamantesff.com/subpart.html]
[diamantesff.com/wattspart_files/s.js.html]
[diamantesff.com/amung.us/dynamic.html]
[diamantesff.com/Gerador de Recompensas no Free Fire_files/f54912a450ab14a413d3e0e8e9e07157.html]
[diamantesff.com/subpart_files/cssaa28aa28.html]
[diamantesff.com/subpart_files/icone91fe91f.html]
[diamantesff.com/subpart_files/materialize.min.css]
[diamantesff.com/subpart_files/s.js.html]
